// Jest Snapshot v1, https://goo.gl/fbAQLP

exports[`render formItem close 1`] = `
<div>
  <div />
</div>
`;

exports[`render formItem open 1`] = `
<div
  aria-hidden="true"
>
  <div />
</div>
`;
